../Core/Src/main.c:192:6:nav1Task	88	static
../Core/Src/main.c:207:6:nav2Task	88	static
../Core/Src/main.c:223:6:workerTask	16	static
../Core/Src/main.c:236:6:heartbeatCallback	16	static
../Core/Src/main.c:242:5:main	32	static
../Core/Src/main.c:342:6:SystemClock_Config	112	static
../Core/Src/main.c:384:13:MX_USART2_UART_Init	8	static
../Core/Src/main.c:419:13:MX_GPIO_Init	48	static
../Core/Src/main.c:463:6:StartDefaultTask	16	static
../Core/Src/main.c:482:6:HAL_TIM_PeriodElapsedCallback	16	static
../Core/Src/main.c:500:6:Error_Handler	8	static,ignoring_inline_asm
